Archive member included to satisfy reference by file (symbol)

c:/users/dell/.platformio/packages/toolchain-gccarmnoneeabi/bin/../lib/gcc/arm-none-eabi/7.2.1/thumb/v6-m\libgcc.a(_thumb1_case_uqi.o)
                              build/src/MosTest.o (__gnu_thumb1_case_uqi)
c:/users/dell/.platformio/packages/toolchain-gccarmnoneeabi/bin/../lib/gcc/arm-none-eabi/7.2.1/thumb/v6-m\libgcc.a(_udivsi3.o)
                              build/src/MC_Drive.o (__aeabi_uidiv)
c:/users/dell/.platformio/packages/toolchain-gccarmnoneeabi/bin/../lib/gcc/arm-none-eabi/7.2.1/thumb/v6-m\libgcc.a(_divsi3.o)
                              build/src/position_control.o (__aeabi_idiv)
c:/users/dell/.platformio/packages/toolchain-gccarmnoneeabi/bin/../lib/gcc/arm-none-eabi/7.2.1/thumb/v6-m\libgcc.a(_dvmd_tls.o)
                              c:/users/dell/.platformio/packages/toolchain-gccarmnoneeabi/bin/../lib/gcc/arm-none-eabi/7.2.1/thumb/v6-m\libgcc.a(_udivsi3.o) (__aeabi_idiv0)
c:/users/dell/.platformio/packages/toolchain-gccarmnoneeabi/bin/../lib/gcc/arm-none-eabi/7.2.1/thumb/v6-m\libgcc.a(_fixunssfsi.o)
                              build/src/SpeedRamp.o (__aeabi_f2uiz)
c:/users/dell/.platformio/packages/toolchain-gccarmnoneeabi/bin/../lib/gcc/arm-none-eabi/7.2.1/thumb/v6-m\libgcc.a(divsf3.o)
                              build/src/SpeedRamp.o (__aeabi_fdiv)
c:/users/dell/.platformio/packages/toolchain-gccarmnoneeabi/bin/../lib/gcc/arm-none-eabi/7.2.1/thumb/v6-m\libgcc.a(mulsf3.o)
                              build/src/SpeedRamp.o (__aeabi_fmul)
c:/users/dell/.platformio/packages/toolchain-gccarmnoneeabi/bin/../lib/gcc/arm-none-eabi/7.2.1/thumb/v6-m\libgcc.a(subsf3.o)
                              c:/users/dell/.platformio/packages/toolchain-gccarmnoneeabi/bin/../lib/gcc/arm-none-eabi/7.2.1/thumb/v6-m\libgcc.a(_fixunssfsi.o) (__aeabi_fsub)
c:/users/dell/.platformio/packages/toolchain-gccarmnoneeabi/bin/../lib/gcc/arm-none-eabi/7.2.1/thumb/v6-m\libgcc.a(fixsfsi.o)
                              build/src/position_control.o (__aeabi_f2iz)
c:/users/dell/.platformio/packages/toolchain-gccarmnoneeabi/bin/../lib/gcc/arm-none-eabi/7.2.1/thumb/v6-m\libgcc.a(floatsisf.o)
                              build/src/position_control.o (__aeabi_i2f)
c:/users/dell/.platformio/packages/toolchain-gccarmnoneeabi/bin/../lib/gcc/arm-none-eabi/7.2.1/thumb/v6-m\libgcc.a(floatunsisf.o)
                              build/src/SpeedRamp.o (__aeabi_ui2f)
c:/users/dell/.platformio/packages/toolchain-gccarmnoneeabi/bin/../lib/gcc/arm-none-eabi/7.2.1/thumb/v6-m\libgcc.a(_arm_cmpsf2.o)
                              c:/users/dell/.platformio/packages/toolchain-gccarmnoneeabi/bin/../lib/gcc/arm-none-eabi/7.2.1/thumb/v6-m\libgcc.a(_fixunssfsi.o) (__aeabi_fcmpge)
c:/users/dell/.platformio/packages/toolchain-gccarmnoneeabi/bin/../lib/gcc/arm-none-eabi/7.2.1/thumb/v6-m\libgcc.a(_clzsi2.o)
                              c:/users/dell/.platformio/packages/toolchain-gccarmnoneeabi/bin/../lib/gcc/arm-none-eabi/7.2.1/thumb/v6-m\libgcc.a(divsf3.o) (__clzsi2)
c:/users/dell/.platformio/packages/toolchain-gccarmnoneeabi/bin/../lib/gcc/arm-none-eabi/7.2.1/thumb/v6-m\libgcc.a(eqsf2.o)
                              c:/users/dell/.platformio/packages/toolchain-gccarmnoneeabi/bin/../lib/gcc/arm-none-eabi/7.2.1/thumb/v6-m\libgcc.a(_arm_cmpsf2.o) (__eqsf2)
c:/users/dell/.platformio/packages/toolchain-gccarmnoneeabi/bin/../lib/gcc/arm-none-eabi/7.2.1/thumb/v6-m\libgcc.a(gesf2.o)
                              c:/users/dell/.platformio/packages/toolchain-gccarmnoneeabi/bin/../lib/gcc/arm-none-eabi/7.2.1/thumb/v6-m\libgcc.a(_arm_cmpsf2.o) (__gesf2)
c:/users/dell/.platformio/packages/toolchain-gccarmnoneeabi/bin/../lib/gcc/arm-none-eabi/7.2.1/thumb/v6-m\libgcc.a(lesf2.o)
                              c:/users/dell/.platformio/packages/toolchain-gccarmnoneeabi/bin/../lib/gcc/arm-none-eabi/7.2.1/thumb/v6-m\libgcc.a(_arm_cmpsf2.o) (__lesf2)
c:/users/dell/.platformio/packages/toolchain-gccarmnoneeabi/bin/../lib/gcc/arm-none-eabi/7.2.1/../../../../arm-none-eabi/lib/thumb/v6-m\libc_nano.a(lib_a-malloc.o)
                              build/third_party/bipropellant-protocol/protocol.o (malloc)
c:/users/dell/.platformio/packages/toolchain-gccarmnoneeabi/bin/../lib/gcc/arm-none-eabi/7.2.1/../../../../arm-none-eabi/lib/thumb/v6-m\libc_nano.a(lib_a-memcpy-stub.o)
                              build/src/flash_config.o (memcpy)
c:/users/dell/.platformio/packages/toolchain-gccarmnoneeabi/bin/../lib/gcc/arm-none-eabi/7.2.1/../../../../arm-none-eabi/lib/thumb/v6-m\libc_nano.a(lib_a-memset.o)
                              build/src/flash_config.o (memset)
c:/users/dell/.platformio/packages/toolchain-gccarmnoneeabi/bin/../lib/gcc/arm-none-eabi/7.2.1/../../../../arm-none-eabi/lib/thumb/v6-m\libc_nano.a(lib_a-nano-freer.o)
[...]
Memory Configuration

Name             Origin             Length             Attributes
FLASH            0x00000000         0x0003f000         xr
FLASH_CONFIG     0x0003f000         0x00001000         r
RAM              0x20000000         0x00020000         xrw
*default*        0x00000000         0xffffffff

Linker script and memory map

LOAD build/src/COMP_Sensoeless.o
LOAD build/src/Global_Variable.o
LOAD build/src/M1_StateMachine.o
LOAD build/src/MC_Drive.o
LOAD build/src/MosTest.o
LOAD build/src/PID.o
LOAD build/src/Protect.o
LOAD build/src/Sensor_Control.o
LOAD build/src/SpeedRamp.o
LOAD build/src/System_Init.o
LOAD build/src/UR_Ctrl.o
LOAD build/src/control_mode.o
LOAD build/src/core_cm0.o
LOAD build/src/flash_config.o
LOAD build/src/hall_accumulator.o
LOAD build/src/hardware_init.o
LOAD build/src/interrupt.o
LOAD build/src/main.o
LOAD build/src/motor_mode.o
LOAD build/src/position_control.o
LOAD build/src/protocol_handlers.o
LOAD build/src/protocol_params_flash.o
LOAD build/src/protocol_params_motion.o
LOAD build/src/protocol_params_motion_pos.o
LOAD build/src/protocol_params_position.o
LOAD build/src/protocol_params_snr.o
LOAD build/src/protocol_params_standard.o
LOAD build/src/sensorless_adapter.o
LOAD build/src/startup_canary.o
LOAD build/src/timebase.o
LOAD build/periph_driver/source/delay.o
LOAD build/periph_driver/source/snr8503x_DMA.o
LOAD build/periph_driver/source/snr8503x_Flash.o
LOAD build/periph_driver/source/snr8503x_I2C.o
LOAD build/periph_driver/source/snr8503x_IWDG.o
LOAD build/periph_driver/source/snr8503x_MCPWM.o
LOAD build/periph_driver/source/snr8503x_adc.o
LOAD build/periph_driver/source/snr8503x_cmp.o
LOAD build/periph_driver/source/snr8503x_dac.o
LOAD build/periph_driver/source/snr8503x_dsp.o
LOAD build/periph_driver/source/snr8503x_gpio.o
LOAD build/periph_driver/source/snr8503x_hall.o
LOAD build/periph_driver/source/snr8503x_spi.o
LOAD build/periph_driver/source/snr8503x_sys.o
LOAD build/periph_driver/source/snr8503x_timer.o
LOAD build/periph_driver/source/snr8503x_uart.o
LOAD build/third_party/bipropellant-protocol/ascii_protocol.o
LOAD build/third_party/bipropellant-protocol/cobsr.o
LOAD build/third_party/bipropellant-protocol/machine_protocol.o
LOAD build/third_party/bipropellant-protocol/protocol.o
LOAD build/startup/startup_snr8503x_gnu.o
LOAD c:/users/dell/.platformio/packages/toolchain-gccarmnoneeabi/bin/../lib/gcc/arm-none-eabi/7.2.1/../../../../arm-none-eabi/lib/thumb/v6-m\libm.a
START GROUP
LOAD c:/users/dell/.platformio/packages/toolchain-gccarmnoneeabi/bin/../lib/gcc/arm-none-eabi/7.2.1/thumb/v6-m\libgcc.a
LOAD c:/users/dell/.platformio/packages/toolchain-gccarmnoneeabi/bin/../lib/gcc/arm-none-eabi/7.2.1/../../../../arm-none-eabi/lib/thumb/v6-m\libc_nano.a
END GROUP
START GROUP
LOAD c:/users/dell/.platformio/packages/toolchain-gccarmnoneeabi/bin/../lib/gcc/arm-none-eabi/7.2.1/thumb/v6-m\libgcc.a
LOAD c:/users/dell/.platformio/packages/toolchain-gccarmnoneeabi/bin/../lib/gcc/arm-none-eabi/7.2.1/../../../../arm-none-eabi/lib/thumb/v6-m\libc_nano.a
LOAD c:/users/dell/.platformio/packages/toolchain-gccarmnoneeabi/bin/../lib/gcc/arm-none-eabi/7.2.1/../../../../arm-none-eabi/lib/thumb/v6-m\libnosys.a
END GROUP
START GROUP
LOAD c:/users/dell/.platformio/packages/toolchain-gccarmnoneeabi/bin/../lib/gcc/arm-none-eabi/7.2.1/thumb/v6-m\libgcc.a
LOAD c:/users/dell/.platformio/packages/toolchain-gccarmnoneeabi/bin/../lib/gcc/arm-none-eabi/7.2.1/../../../../arm-none-eabi/lib/thumb/v6-m\libc_nano.a
LOAD c:/users/dell/.platformio/packages/toolchain-gccarmnoneeabi/bin/../lib/gcc/arm-none-eabi/7.2.1/../../../../arm-none-eabi/lib/thumb/v6-m\libnosys.a
END GROUP
                0x0003f000                __flash_config_start = ORIGIN (FLASH_CONFIG)
                0x00040000                __flash_config_end = (ORIGIN (FLASH_CONFIG) + LENGTH (FLASH_CONFIG))
                0x20020000                _stack_top = (ORIGIN (RAM) + LENGTH (RAM))
                0x00000200                _Min_Heap_Size = 0x200
                0x00000080                _Min_Stack_Size = 0x80

.isr_vector     0x00000000       0xc0
                0x00000000                . = ALIGN (0x4)
 *(.isr_vector)
 .isr_vector    0x00000000       0xc0 build/startup/startup_snr8503x_gnu.o
                0x00000000                g_pfnVectors
                0x00000000                __Vectors
                0x000000c0                __Vectors_End
                0x000000c0                . = ALIGN (0x4)

.text           0x000000c0     0x638c
                0x000000c0                . = ALIGN (0x4)
 *(.text)
 .text          0x000000c0       0x14 c:/users/dell/.platformio/packages/toolchain-gccarmnoneeabi/bin/../lib/gcc/arm-none-eabi/7.2.1/thumb/v6-m\libgcc.a(_thumb1_case_uqi.o)
                0x000000c0                __gnu_thumb1_case_uqi
 .text          0x000000d4      0x114 c:/users/dell/.platformio/packages/toolchain-gccarmnoneeabi/bin/../lib/gcc/arm-none-eabi/7.2.1/thumb/v6-m\libgcc.a(_udivsi3.o)
                0x000000d4                __aeabi_uidiv
                0x000000d4                __udivsi3
                0x000001e0                __aeabi_uidivmod
 .text          0x000001e8      0x1d4 c:/users/dell/.platformio/packages/toolchain-gccarmnoneeabi/bin/../lib/gcc/arm-none-eabi/7.2.1/thumb/v6-m\libgcc.a(_divsi3.o)
                0x000001e8                __divsi3
                0x000001e8                __aeabi_idiv
                0x000003b4                __aeabi_idivmod
 .text          0x000003bc        0x4 c:/users/dell/.platformio/packages/toolchain-gccarmnoneeabi/bin/../lib/gcc/arm-none-eabi/7.2.1/thumb/v6-m\libgcc.a(_dvmd_tls.o)
                0x000003bc                __aeabi_idiv0
                0x000003bc                __aeabi_ldiv0
 .text          0x000003c0       0x30 c:/users/dell/.platformio/packages/toolchain-gccarmnoneeabi/bin/../lib/gcc/arm-none-eabi/7.2.1/thumb/v6-m\libgcc.a(_fixunssfsi.o)
                0x000003c0                __fixunssfsi
                0x000003c0                __aeabi_f2uiz
 .text          0x000003f0      0x224 c:/users/dell/.platformio/packages/toolchain-gccarmnoneeabi/bin/../lib/gcc/arm-none-eabi/7.2.1/thumb/v6-m\libgcc.a(divsf3.o)
                0x000003f0                __aeabi_fdiv
 .text          0x00000614      0x264 c:/users/dell/.platformio/packages/toolchain-gccarmnoneeabi/bin/../lib/gcc/arm-none-eabi/7.2.1/thumb/v6-m\libgcc.a(mulsf3.o)
                0x00000614                __aeabi_fmul
 .text          0x00000878      0x388 c:/users/dell/.platformio/packages/toolchain-gccarmnoneeabi/bin/../lib/gcc/arm-none-eabi/7.2.1/thumb/v6-m\libgcc.a(subsf3.o)
                0x00000878                __aeabi_fsub
 .text          0x00000c00       0x40 c:/users/dell/.platformio/packages/toolchain-gccarmnoneeabi/bin/../lib/gcc/arm-none-eabi/7.2.1/thumb/v6-m\libgcc.a(fixsfsi.o)
                0x00000c00                __aeabi_f2iz
 .text          0x00000c40       0x94 c:/users/dell/.platformio/packages/toolchain-gccarmnoneeabi/bin/../lib/gcc/arm-none-eabi/7.2.1/thumb/v6-m\libgcc.a(floatsisf.o)
                0x00000c40                __aeabi_i2f
 .text          0x00000cd4       0x80 c:/users/dell/.platformio/packages/toolchain-gccarmnoneeabi/bin/../lib/gcc/arm-none-eabi/7.2.1/thumb/v6-m\libgcc.a(floatunsisf.o)
                0x00000cd4                __aeabi_ui2f
 .text          0x00000d54       0x74 c:/users/dell/.platformio/packages/toolchain-gccarmnoneeabi/bin/../lib/gcc/arm-none-eabi/7.2.1/thumb/v6-m\libgcc.a(_arm_cmpsf2.o)
                0x00000d54                __aeabi_cfrcmple
                0x00000d5c                __aeabi_cfcmpeq
                0x00000d5c                __aeabi_cfcmple
                0x00000d6c                __aeabi_fcmpeq
                0x00000d78                __aeabi_fcmplt
                0x00000d8c                __aeabi_fcmple
                0x00000da0                __aeabi_fcmpgt
                0x00000db4                __aeabi_fcmpge
 .text          0x00000dc8       0x3c c:/users/dell/.platformio/packages/toolchain-gccarmnoneeabi/bin/../lib/gcc/arm-none-eabi/7.2.1/thumb/v6-m\libgcc.a(_clzsi2.o)
                0x00000dc8                __clzsi2
 .text          0x00000e04       0x50 c:/users/dell/.platformio/packages/toolchain-gccarmnoneeabi/bin/../lib/gcc/arm-none-eabi/7.2.1/thumb/v6-m\libgcc.a(eqsf2.o)
                0x00000e04                __eqsf2
                0x00000e04                __nesf2
 .text          0x00000e54       0x9c c:/users/dell/.platformio/packages/toolchain-gccarmnoneeabi/bin/../lib/gcc/arm-none-eabi/7.2.1/thumb/v6-m\libgcc.a(gesf2.o)
                0x00000e54                __gesf2
                0x00000e54                __gtsf2
 .text          0x00000ef0       0xa0 c:/users/dell/.platformio/packages/toolchain-gccarmnoneeabi/bin/../lib/gcc/arm-none-eabi/7.2.1/thumb/v6-m\libgcc.a(lesf2.o)
                0x00000ef0                __ltsf2
                0x00000ef0                __lesf2
 .text          0x00000f90        0xe c:/users/dell/.platformio/packages/toolchain-gccarmnoneeabi/bin/../lib/gcc/arm-none-eabi/7.2.1/../../../../arm-none-eabi/lib/thumb/v6-m\libc_nano.a(lib_a-strlen.o)
                0x00000f90                strlen
 *(.text*)
 *fill*         0x00000f9e        0x2 
 .text.Init_Parameter
                0x00000fa0       0xd0 build/src/Global_Variable.o
                0x00000fa0                Init_Parameter
 .text.variable_reset
                0x00001070       0xb8 build/src/Global_Variable.o
                0x00001070                variable_reset
 .text.M1M1_Run
                0x00001128       0x18 build/src/M1_StateMachine.o
 .text.M1M1_RunCalib
                0x00001140        0xc build/src/M1_StateMachine.o
 .text.M1M1_RunReady
                0x0000114c        0xc build/src/M1_StateMachine.o
 .text.M1M1_RunAlign
                0x00001158        0xc build/src/M1_StateMachine.o
 .text.M1M1_RunFreerun_Det
                0x00001164       0x3c build/src/M1_StateMachine.o
 .text.M1M1_Fault
                0x000011a0       0x38 build/src/M1_StateMachine.o
                0x000011a0                M1M1_Fault
 .text.M1M1_Stop
                0x000011d8       0x28 build/src/M1_StateMachine.o
 .text.M1M1_Init
                0x00001200       0x14 build/src/M1_StateMachine.o
 .text.M1M1_RunBrake
                0x00001214       0x34 build/src/M1_StateMachine.o
 .text.M1M1_RunStartup
                0x00001248       0xa4 build/src/M1_StateMachine.o
 .text.M1M1_RunSpin
                0x000012ec       0x34 build/src/M1_StateMachine.o
 .text.Phase_COMPENSATION_Cal
                0x00001320       0x38 build/src/MC_Drive.o
                0x00001320                Phase_COMPENSATION_Cal
 .text.PiCurrentLimitPWMDuty
                0x00001358       0x68 build/src/MC_Drive.o
                0x00001358                PiCurrentLimitPWMDuty
 .text.Motor_LED_Error
                0x000013c0      0x124 build/src/MC_Drive.o
                0x000013c0                Motor_LED_Error
 .text.Motor_LED_DISP
                0x000014e4       0x60 build/src/MC_Drive.o
                0x000014e4                Motor_LED_DISP
 .text.CWCCW_PowerOn
                0x00001544       0x24 build/src/MC_Drive.o
                0x00001544                CWCCW_PowerOn
 .text.CWCCW_ReadIO
                0x00001568       0x70 build/src/MC_Drive.o
                0x00001568                CWCCW_ReadIO
 .text.BLDC_Stop
                0x000015d8       0x44 build/src/MC_Drive.o
                0x000015d8                BLDC_Stop
 .text.VSP_Control_Motor
                0x0000161c      0x13c build/src/MC_Drive.o
                0x0000161c                VSP_Control_Motor
 .text.BLDC_Brake
                0x00001758       0x74 build/src/MC_Drive.o
                0x00001758                BLDC_Brake
 .text.MOS_Check_Step
                0x000017cc      0x100 build/src/MosTest.o
                0x000017cc                MOS_Check_Step
 .text.MosTest  0x000018cc      0x100 build/src/MosTest.o
                0x000018cc                MosTest
 .text.InitPI   0x000019cc       0x4c build/src/PID.o
                0x000019cc                InitPI
 .text.CalcPI   0x00001a18       0x38 build/src/PID.o
                0x00001a18                CalcPI
 .text.MOS_TEMP_protect
                0x00001a50       0xac build/src/Protect.o
                0x00001a50                MOS_TEMP_protect
 .text.procHander
                0x00001afc       0x20 build/src/Protect.o
                0x00001afc                procHander
 .text.Current_Limit
                0x00001b1c       0x30 build/src/Protect.o
                0x00001b1c                Current_Limit
 .text.OVER_current_protect
                0x00001b4c       0xc0 build/src/Protect.o
                0x00001b4c                OVER_current_protect
 .text.Vol_protect
                0x00001c0c      0x158 build/src/Protect.o
                0x00001c0c                Vol_protect
 .text.Motor_Block_Protect
                0x00001d64       0x40 build/src/Protect.o
                0x00001d64                Motor_Block_Protect
 .text.BLDC_Sensor_control
                0x00001da4       0x9c build/src/Sensor_Control.o
                0x00001da4                BLDC_Sensor_control
 .text.BLDC_Sensor_Judge
                0x00001e40       0x5c build/src/Sensor_Control.o
                0x00001e40                BLDC_Sensor_Judge
 .text.InitNormalization
                0x00001e9c       0x30 build/src/SpeedRamp.o
                0x00001e9c                InitNormalization
 .text.CalcGraudNormalizationData
                0x00001ecc       0x4c build/src/SpeedRamp.o
                0x00001ecc                CalcGraudNormalizationData
 .text.CalcNormalization
                0x00001f18       0x64 build/src/SpeedRamp.o
                0x00001f18                CalcNormalization
 .text.Multiplex_nRST
                0x00001f7c       0x24 build/src/System_Init.o
                0x00001f7c                Multiplex_nRST
 .text.CurrentOffsetCalibration
                0x00001fa0       0xf0 build/src/System_Init.o
                0x00001fa0                CurrentOffsetCalibration
 .text.DC_offset_protect
                0x00002090       0x4c build/src/System_Init.o
                0x00002090                DC_offset_protect
 .text.sys_init
                0x000020dc       0x20 build/src/System_Init.o
                0x000020dc                sys_init
 .text.UART0_init_buffer
                0x000020fc       0x14 build/src/UR_Ctrl.o
                0x000020fc                UART0_init_buffer
 .text.UART0_init
                0x00002110       0x74 build/src/UR_Ctrl.o
                0x00002110                UART0_init
 .text.control_mode_dispatch
                0x00002184       0x64 build/src/control_mode.o
                0x00002184                control_mode_dispatch
 .text.fc_crc32.constprop.0
                0x000021e8       0x38 build/src/flash_config.o
 .text.flash_config_set_defaults
                0x00002220       0x40 build/src/flash_config.o
                0x00002220                flash_config_set_defaults
 .text.flash_config_load
                0x00002260       0x64 build/src/flash_config.o
                0x00002260                flash_config_load
 .text.flash_config_request_save
                0x000022c4        0xc build/src/flash_config.o
                0x000022c4                flash_config_request_save
 .text.flash_config_save_failed_count
                0x000022d0        0xc build/src/flash_config.o
                0x000022d0                flash_config_save_failed_count
 .text.flash_config_tick
                0x000022dc       0xa8 build/src/flash_config.o
                0x000022dc                flash_config_tick
 .text.hall_accum_tick
                0x00002384       0x48 build/src/hall_accumulator.o
                0x00002384                hall_accum_tick
 .text.GPIO_init
                0x000023cc       0xd0 build/src/hardware_init.o
                0x000023cc                GPIO_init
 .text.HALL_Perip_Init
                0x0000249c       0x34 build/src/hardware_init.o
                0x0000249c                HALL_Perip_Init
 .text.ADC_init
                0x000024d0       0x60 build/src/hardware_init.o
                0x000024d0                ADC_init
 .text.UTimer_init
                0x00002530       0x68 build/src/hardware_init.o
                0x00002530                UTimer_init
 .text.MCPWM_init
                0x00002598       0xc8 build/src/hardware_init.o
                0x00002598                MCPWM_init
 .text.DAC_init
                0x00002660       0x1c build/src/hardware_init.o
                0x00002660                DAC_init
 .text.CMP_init
                0x0000267c       0x44 build/src/hardware_init.o
                0x0000267c                CMP_init
 .text.PGA_init
                0x000026c0       0x2c build/src/hardware_init.o
                0x000026c0                PGA_init
 .text.SoftDelay
                0x000026ec       0x18 build/src/hardware_init.o
                0x000026ec                SoftDelay
 .text.Hardware_init
                0x00002704       0xf4 build/src/hardware_init.o
                0x00002704                Hardware_init
 .text.Clock_Init
                0x000027f8       0x4c build/src/hardware_init.o
                0x000027f8                Clock_Init
 .text.SystemInit
                0x00002844        0x8 build/src/hardware_init.o
                0x00002844                SystemInit
 .text.Digital_Value_Getting
                0x0000284c       0x78 build/src/interrupt.o
                0x0000284c                Digital_Value_Getting
 .text.ADC_IRQHandler
                0x000028c4       0x44 build/src/interrupt.o
                0x000028c4                ADC_IRQHandler
 .text.HALL_IRQHandler
                0x00002908      0x1f0 build/src/interrupt.o
                0x00002908                HALL_IRQHandler
 .text.TIMER1_IRQHandler
                0x00002af8       0x14 build/src/interrupt.o
                0x00002af8                TIMER1_IRQHandler
 .text.TIMER0_IRQHandler
                0x00002b0c       0x30 build/src/interrupt.o
                0x00002b0c                TIMER0_IRQHandler
 .text.CMP_IRQHandler
                0x00002b3c       0x70 build/src/interrupt.o
                0x00002b3c                CMP_IRQHandler
 .text.SysTick_Handler
                0x00002bac        0x2 build/src/interrupt.o
                0x00002bac                SysTick_Handler
 *fill*         0x00002bae        0x2 
 .text.MCPWM0_IRQHandler
                0x00002bb0       0x40 build/src/interrupt.o
                0x00002bb0                MCPWM0_IRQHandler
 .text.DMA_IRQHandler
                0x00002bf0        0xc build/src/interrupt.o
                0x00002bf0                DMA_IRQHandler
 .text.MCPWM1_IRQHandler
                0x00002bfc        0x2 build/src/interrupt.o
                0x00002bfc                MCPWM1_IRQHandler
 .text.SW_IRQHandler
                0x00002bfe        0x2 build/src/interrupt.o
                0x00002bfe                SW_IRQHandler
 .text.UART_IRQHandler
                0x00002c00       0x48 build/src/interrupt.o
                0x00002c00                UART_IRQHandler
 .text.WAKE_IRQHandler
                0x00002c48        0x2 build/src/interrupt.o
                0x00002c48                WAKE_IRQHandler
 *fill*         0x00002c4a        0x2 
 .text.GPIO_IRQHandler
                0x00002c4c       0x14 build/src/interrupt.o
                0x00002c4c                GPIO_IRQHandler
 .text.I2C_IRQHandler
                0x00002c60        0x2 build/src/interrupt.o
                0x00002c60                I2C_IRQHandler
 .text.SPI_IRQHandler
                0x00002c62        0x2 build/src/interrupt.o
                0x00002c62                SPI_IRQHandler
 .text.Task_Scheduler
                0x00002c64       0x6c build/src/main.o
                0x00002c64                Task_Scheduler
 .text.startup.main
                0x00002cd0       0xc0 build/src/main.o
                0x00002cd0                main
 .text.motor_mode_detect
                0x00002d90        0xc build/src/motor_mode.o
                0x00002d90                motor_mode_detect
 .text.position_control_init
                0x00002d9c       0x24 build/src/position_control.o
                0x00002d9c                position_control_init
 .text.position_control_add_mm
                0x00002dc0       0x38 build/src/position_control.o
                0x00002dc0                position_control_add_mm
 .text.position_control_set_target_mm
                0x00002df8       0x34 build/src/position_control.o
                0x00002df8                position_control_set_target_mm
 .text.position_control_tick
                0x00002e2c       0xd4 build/src/position_control.o
                0x00002e2c                position_control_tick
 .text.my_send_serial_data
                0x00002f00       0x2c build/src/protocol_handlers.o
 .text.my_send_serial_data_wait
                0x00002f2c        0x8 build/src/protocol_handlers.o
 .text.my_protocol_reset
                0x00002f34       0x14 build/src/protocol_handlers.o
 .text.my_protocol_delay
                0x00002f48       0x18 build/src/protocol_handlers.o
 .text.my_protocol_gettick
                0x00002f60        0x8 build/src/protocol_handlers.o
 .text.setup_uart_protocol
                0x00002f68       0x78 build/src/protocol_handlers.o
                0x00002f68                setup_uart_protocol
 .text.protocol_drain_rx
                0x00002fe0       0x44 build/src/protocol_handlers.o
                0x00002fe0                protocol_drain_rx
 .text.protocol_drive_tick
                0x00003024       0x10 build/src/protocol_handlers.o
                0x00003024                protocol_drive_tick
 .text.register_one
                0x00003034       0x3c build/src/protocol_params_flash.o
 .text.fn_flash_param
                0x00003070       0x12 build/src/protocol_params_flash.o
 *fill*         0x00003082        0x2 
 .text.register_flash_params
                0x00003084      0x174 build/src/protocol_params_flash.o
                0x00003084                register_flash_params
 .text.fn_sensor
                0x000031f8       0x4c build/src/protocol_params_motion.o
 .text.fn_pwm_data
                0x00003244       0x40 build/src/protocol_params_motion.o
 .text.fn_speed_data
                0x00003284      0x10c build/src/protocol_params_motion.o
 .text.register_motion_params
                0x00003390       0xa8 build/src/protocol_params_motion.o
                0x00003390                register_motion_params
 .text.fn_posn_data
                0x00003438       0x88 build/src/protocol_params_motion_pos.o
 .text.fn_posn_incr
                0x000034c0       0x1c build/src/protocol_params_motion_pos.o
 .text.register_motion_pos_params
                0x000034dc       0x68 build/src/protocol_params_motion_pos.o
                0x000034dc                register_motion_pos_params
 .text.fn_xyt   0x00003544       0x48 build/src/protocol_params_position.o
 .text.fn_position
                0x0000358c       0x44 build/src/protocol_params_position.o
 .text.fn_hall_data
                0x000035d0       0x8c build/src/protocol_params_position.o
 .text.fn_raw_position
                0x0000365c       0x4c build/src/protocol_params_position.o
 .text.register_position_params
                0x000036a8       0xc4 build/src/protocol_params_position.o
                0x000036a8                register_position_params
 .text.register_snr_params
                0x0000376c       0xc0 build/src/protocol_params_snr.o
                0x0000376c                register_snr_params
 .text.fn_electrical
                0x0000382c       0x90 build/src/protocol_params_standard.o
 .text.fn_buzzer
                0x000038bc       0x2c build/src/protocol_params_standard.o
 .text.register_standard_params
                0x000038e8       0xa0 build/src/protocol_params_standard.o
                0x000038e8                register_standard_params
 .text.startup_canary_check
                0x00003988       0x48 build/src/startup_canary.o
                0x00003988                startup_canary_check
 .text.timebase_pwm_tick
                0x000039d0       0x28 build/src/timebase.o
                0x000039d0                timebase_pwm_tick
 .text.get_ms_tick
                0x000039f8        0xc build/src/timebase.o
                0x000039f8                get_ms_tick
 .text.delay_init
                0x00003a04       0x2c build/periph_driver/source/delay.o
                0x00003a04                delay_init
 .text.delay_us
                0x00003a30       0x30 build/periph_driver/source/delay.o
                0x00003a30                delay_us
 .text.delay_xms
                0x00003a60       0x30 build/periph_driver/source/delay.o
                0x00003a60                delay_xms
 .text.delay_ms
                0x00003a90       0x3a build/periph_driver/source/delay.o
                0x00003a90                delay_ms
 *fill*         0x00003aca        0x2 
 .text.EraseSector
                0x00003acc       0x8c build/periph_driver/source/snr8503x_Flash.o
                0x00003acc                EraseSector
 .text.ProgramPage
                0x00003b58      0x11c build/periph_driver/source/snr8503x_Flash.o
                0x00003b58                ProgramPage
 .text.Read_Flash
                0x00003c74       0x24 build/periph_driver/source/snr8503x_Flash.o
                0x00003c74                Read_Flash
 .text.Read_More_Flash
                0x00003c98       0x3c build/periph_driver/source/snr8503x_Flash.o
                0x00003c98                Read_More_Flash
 .text.IWDG_DISABLE
                0x00003cd4       0x10 build/periph_driver/source/snr8503x_IWDG.o
                0x00003cd4                IWDG_DISABLE
 .text.PWMOutputs
                0x00003ce4       0x30 build/periph_driver/source/snr8503x_MCPWM.o
                0x00003ce4                PWMOutputs
 .text.MCPWM_StructInit
                0x00003d14        0xc build/periph_driver/source/snr8503x_MCPWM.o
                0x00003d14                MCPWM_StructInit
 .text.MCPWM_Init
                0x00003d20      0x3c4 build/periph_driver/source/snr8503x_MCPWM.o
                0x00003d20                MCPWM_Init
 .text.ADC_Init
                0x000040e4       0xa4 build/periph_driver/source/snr8503x_adc.o
                0x000040e4                ADC_Init
 .text.ADC_StructInit
                0x00004188       0x22 build/periph_driver/source/snr8503x_adc.o
                0x00004188                ADC_StructInit
 *fill*         0x000041aa        0x2 
 .text.CMP_Init
                0x000041ac       0xe4 build/periph_driver/source/snr8503x_cmp.o
                0x000041ac                CMP_Init
 .text.CMP_StructInit
                0x00004290       0x40 build/periph_driver/source/snr8503x_cmp.o
                0x00004290                CMP_StructInit
 .text.DAC_StructInit
                0x000042d0        0xc build/periph_driver/source/snr8503x_dac.o
                0x000042d0                DAC_StructInit
 .text.DAC_Init
                0x000042dc       0x88 build/periph_driver/source/snr8503x_dac.o
                0x000042dc                DAC_Init
 .text.DAC_OutputValue
                0x00004364       0x34 build/periph_driver/source/snr8503x_dac.o
                0x00004364                DAC_OutputValue
 .text.DSP_Cmd  0x00004398        0xe build/periph_driver/source/snr8503x_dsp.o
                0x00004398                DSP_Cmd
 .text.GPIO_Init
                0x000043a6       0x6e build/periph_driver/source/snr8503x_gpio.o
                0x000043a6                GPIO_Init
 .text.GPIO_StructInit
                0x00004414        0xc build/periph_driver/source/snr8503x_gpio.o
                0x00004414                GPIO_StructInit
 .text.GPIO_ReadInputDataBit
                0x00004420        0xc build/periph_driver/source/snr8503x_gpio.o
                0x00004420                GPIO_ReadInputDataBit
 .text.GPIO_WriteBit
                0x0000442c        0xc build/periph_driver/source/snr8503x_gpio.o
                0x0000442c                GPIO_WriteBit
 .text.GPIO_PinAFConfig
                0x00004438       0xd0 build/periph_driver/source/snr8503x_gpio.o
                0x00004438                GPIO_PinAFConfig
 .text.HALL_Init
                0x00004508       0x5c build/periph_driver/source/snr8503x_hall.o
                0x00004508                HALL_Init
 .text.HALL_StructInit
                0x00004564       0x20 build/periph_driver/source/snr8503x_hall.o
                0x00004564                HALL_StructInit
 .text.HALL_GetFilterValue
                0x00004584       0x10 build/periph_driver/source/snr8503x_hall.o
                0x00004584                HALL_GetFilterValue
 .text.HALL_WIDCount
                0x00004594        0xc build/periph_driver/source/snr8503x_hall.o
                0x00004594                HALL_WIDCount
 .text.HALL_GetIRQFlag
                0x000045a0        0xc build/periph_driver/source/snr8503x_hall.o
                0x000045a0                HALL_GetIRQFlag
 .text.HALL_ClearIRQFlag
                0x000045ac        0xc build/periph_driver/source/snr8503x_hall.o
                0x000045ac                HALL_ClearIRQFlag
 .text.SYS_ModuleClockCmd
                0x000045b8       0x2c build/periph_driver/source/snr8503x_sys.o
                0x000045b8                SYS_ModuleClockCmd
 .text.SYS_AnalogModuleClockCmd
                0x000045e4       0x54 build/periph_driver/source/snr8503x_sys.o
                0x000045e4                SYS_AnalogModuleClockCmd
 .text.SYS_SoftResetModule
                0x00004638       0x20 build/periph_driver/source/snr8503x_sys.o
                0x00004638                SYS_SoftResetModule
 .text.TIM_TimerInit
                0x00004658       0xa8 build/periph_driver/source/snr8503x_timer.o
                0x00004658                TIM_TimerInit
 .text.TIM_TimerStrutInit
                0x00004700       0x34 build/periph_driver/source/snr8503x_timer.o
                0x00004700                TIM_TimerStrutInit
 .text.UART_Init
                0x00004734       0x98 build/periph_driver/source/snr8503x_uart.o
                0x00004734                UART_Init
 .text.UART_StructInit
                0x000047cc       0x18 build/periph_driver/source/snr8503x_uart.o
                0x000047cc                UART_StructInit
 .text.line_lock_ascii
                0x000047e4       0x1c build/third_party/bipropellant-protocol/ascii_protocol.o
 .text.line_help
                0x00004800       0xa8 build/third_party/bipropellant-protocol/ascii_protocol.o
 .text.line_unlock_ascii
                0x000048a8       0x68 build/third_party/bipropellant-protocol/ascii_protocol.o
 .text.ascii_byte
                0x00004910      0x160 build/third_party/bipropellant-protocol/ascii_protocol.o
                0x00004910                ascii_byte
 .text.ascii_init
                0x00004a70       0x6c build/third_party/bipropellant-protocol/ascii_protocol.o
                0x00004a70                ascii_init
 .text.cobsr_encode
                0x00004adc       0xbe build/third_party/bipropellant-protocol/cobsr.o
                0x00004adc                cobsr_encode
 .text.cobsr_decode
                0x00004b9a       0xe6 build/third_party/bipropellant-protocol/cobsr.o
                0x00004b9a                cobsr_decode
 .text.mpGetTxByte
                0x00004c80       0x40 build/third_party/bipropellant-protocol/machine_protocol.o
 .text.protocol_cobsr_decode
                0x00004cc0       0x3c build/third_party/bipropellant-protocol/machine_protocol.o
                0x00004cc0                protocol_cobsr_decode
 .text.protocol_cobsr_encode
                0x00004cfc       0x2c build/third_party/bipropellant-protocol/machine_protocol.o
                0x00004cfc                protocol_cobsr_encode
 .text.protocol_SOM_decode
                0x00004d28       0x18 build/third_party/bipropellant-protocol/machine_protocol.o
                0x00004d28                protocol_SOM_decode
 .text.protocol_SOM_encode
                0x00004d40       0x24 build/third_party/bipropellant-protocol/machine_protocol.o
                0x00004d40                protocol_SOM_encode
 .text.protocol_send_raw
                0x00004d64       0x6c build/third_party/bipropellant-protocol/machine_protocol.o
 .text.unlikely.protocol_send_ack
                0x00004dd0       0x20 build/third_party/bipropellant-protocol/machine_protocol.o
 .text.protocol_send_nack
                0x00004df0       0x2c build/third_party/bipropellant-protocol/machine_protocol.o
 .text.mpTxQueued
                0x00004e1c       0x24 build/third_party/bipropellant-protocol/machine_protocol.o
                0x00004e1c                mpTxQueued
 .text.mpGetTxMsg
                0x00004e40       0x4e build/third_party/bipropellant-protocol/machine_protocol.o
 *fill*         0x00004e8e        0x2 
 .text.protocol_send
                0x00004e90      0x178 build/third_party/bipropellant-protocol/machine_protocol.o
 .text.protocol_tick
                0x00005008      0x17c build/third_party/bipropellant-protocol/machine_protocol.o
                0x00005008                protocol_tick
 .text.protocol_byte
                0x00005184      0x260 build/third_party/bipropellant-protocol/machine_protocol.o
                0x00005184                protocol_byte
 .text.protocol_post
                0x000053e4       0x9c build/third_party/bipropellant-protocol/machine_protocol.o
                0x000053e4                protocol_post
 .text.noTick   0x00005480        0x4 build/third_party/bipropellant-protocol/protocol.o
                0x00005480                noTick
 .text.noDelay  0x00005484        0x2 build/third_party/bipropellant-protocol/protocol.o
                0x00005484                noDelay
 .text.noReset  0x00005486        0x2 build/third_party/bipropellant-protocol/protocol.o
                0x00005486                noReset
 .text.nosend   0x00005488        0x4 build/third_party/bipropellant-protocol/protocol.o
                0x00005488                nosend
 .text.fn_ping  0x0000548c       0x16 build/third_party/bipropellant-protocol/protocol.o
                0x0000548c                fn_ping
 *fill*         0x000054a2        0x2 
 .text.protocol_process_ReadValue
                0x000054a4       0x2c build/third_party/bipropellant-protocol/protocol.o
                0x000054a4                protocol_process_ReadValue
 .text.protocol_process_ReadAndSendValue.part.1
                0x000054d0       0x40 build/third_party/bipropellant-protocol/protocol.o
 .text.protocol_process_ReadAndSendValue
                0x00005510        0xc build/third_party/bipropellant-protocol/protocol.o
                0x00005510                protocol_process_ReadAndSendValue
 .text.protocol_process_WriteValue
                0x0000551c       0x40 build/third_party/bipropellant-protocol/protocol.o
                0x0000551c                protocol_process_WriteValue
 .text.protocol_process_cmdWritevalAndRespond.part.2
                0x0000555c       0x30 build/third_party/bipropellant-protocol/protocol.o
 .text.protocol_process_cmdWritevalAndRespond
                0x0000558c        0xc build/third_party/bipropellant-protocol/protocol.o
                0x0000558c                protocol_process_cmdWritevalAndRespond
 .text.fn_defaultProcessing
                0x00005598       0x30 build/third_party/bipropellant-protocol/protocol.o
                0x00005598                fn_defaultProcessing
 .text.fn_defaultProcessingPreWriteClear
                0x000055c8       0x2a build/third_party/bipropellant-protocol/protocol.o
                0x000055c8                fn_defaultProcessingPreWriteClear
 .text.fn_SubscribeData
                0x000055f2       0x9c build/third_party/bipropellant-protocol/protocol.o
                0x000055f2                fn_SubscribeData
 *fill*         0x0000568e        0x2 
 .text.fn_ProtocolcountDataSum
                0x00005690       0xec build/third_party/bipropellant-protocol/protocol.o
                0x00005690                fn_ProtocolcountDataSum
 .text.fn_ProtocolcountDataAck
                0x0000577c       0x54 build/third_party/bipropellant-protocol/protocol.o
                0x0000577c                fn_ProtocolcountDataAck
 .text.fn_ProtocolcountDataNoack
                0x000057d0       0x54 build/third_party/bipropellant-protocol/protocol.o
                0x000057d0                fn_ProtocolcountDataNoack
 .text.fn_defaultProcessingReadOnly
                0x00005824       0x10 build/third_party/bipropellant-protocol/protocol.o
                0x00005824                fn_defaultProcessingReadOnly
 .text.fn_paramstat_descriptions
                0x00005834       0xfc build/third_party/bipropellant-protocol/protocol.o
                0x00005834                fn_paramstat_descriptions
 .text.setParam
                0x00005930       0x24 build/third_party/bipropellant-protocol/protocol.o
                0x00005930                setParam
 .text.setParamsCopy
                0x00005954       0x3a build/third_party/bipropellant-protocol/protocol.o
                0x00005954                setParamsCopy
 *fill*         0x0000598e        0x2 
 .text.setParamVariable
                0x00005990       0x28 build/third_party/bipropellant-protocol/protocol.o
                0x00005990                setParamVariable
 .text.protocol_init
                0x000059b8       0xb0 build/third_party/bipropellant-protocol/protocol.o
                0x000059b8                protocol_init
 .text.protocol_process_message
                0x00005a68      0x10c build/third_party/bipropellant-protocol/protocol.o
                0x00005a68                protocol_process_message
 .text.Reset_Handler
                0x00005b74       0x4c build/startup/startup_snr8503x_gnu.o
                0x00005b74                Reset_Handler
 .text.Default_Handler
                0x00005bc0        0x2 build/startup/startup_snr8503x_gnu.o
                0x00005bc0                PendSV_Handler
                0x00005bc0                NMI_Handler
                0x00005bc0                SVC_Handler
                0x00005bc0                HardFault_Handler
 *fill*         0x00005bc2        0x2 
 .text.malloc   0x00005bc4       0x14 c:/users/dell/.platformio/packages/toolchain-gccarmnoneeabi/bin/../lib/gcc/arm-none-eabi/7.2.1/../../../../arm-none-eabi/lib/thumb/v6-m\libc_nano.a(lib_a-malloc.o)
                0x00005bc4                malloc
 .text.memcpy   0x00005bd8       0x12 c:/users/dell/.platformio/packages/toolchain-gccarmnoneeabi/bin/../lib/gcc/arm-none-eabi/7.2.1/../../../../arm-none-eabi/lib/thumb/v6-m\libc_nano.a(lib_a-memcpy-stub.o)
                0x00005bd8                memcpy
 .text.memset   0x00005bea       0x10 c:/users/dell/.platformio/packages/toolchain-gccarmnoneeabi/bin/../lib/gcc/arm-none-eabi/7.2.1/../../../../arm-none-eabi/lib/thumb/v6-m\libc_nano.a(lib_a-memset.o)
                0x00005bea                memset
 *fill*         0x00005bfa        0x2 
 .text._free_r  0x00005bfc       0x94 c:/users/dell/.platformio/packages/toolchain-gccarmnoneeabi/bin/../lib/gcc/arm-none-eabi/7.2.1/../../../../arm-none-eabi/lib/thumb/v6-m\libc_nano.a(lib_a-nano-freer.o)
                0x00005bfc                _free_r
 .text._malloc_r
                0x00005c90       0xbc c:/users/dell/.platformio/packages/toolchain-gccarmnoneeabi/bin/../lib/gcc/arm-none-eabi/7.2.1/../../../../arm-none-eabi/lib/thumb/v6-m\libc_nano.a(lib_a-nano-mallocr.o)
                0x00005c90                _malloc_r
 .text._sbrk_r  0x00005d4c       0x24 c:/users/dell/.platformio/packages/toolchain-gccarmnoneeabi/bin/../lib/gcc/arm-none-eabi/7.2.1/../../../../arm-none-eabi/lib/thumb/v6-m\libc_nano.a(lib_a-sbrkr.o)
                0x00005d4c                _sbrk_r
 .text.sprintf  0x00005d70       0x40 c:/users/dell/.platformio/packages/toolchain-gccarmnoneeabi/bin/../lib/gcc/arm-none-eabi/7.2.1/../../../../arm-none-eabi/lib/thumb/v6-m\libc_nano.a(lib_a-sprintf.o)
                0x00005d70                siprintf
                0x00005d70                sprintf
 .text.strcpy   0x00005db0       0x10 c:/users/dell/.platformio/packages/toolchain-gccarmnoneeabi/bin/../lib/gcc/arm-none-eabi/7.2.1/../../../../arm-none-eabi/lib/thumb/v6-m\libc_nano.a(lib_a-strcpy.o)
                0x00005db0                strcpy
 .text.strncpy  0x00005dc0       0x28 c:/users/dell/.platformio/packages/toolchain-gccarmnoneeabi/bin/../lib/gcc/arm-none-eabi/7.2.1/../../../../arm-none-eabi/lib/thumb/v6-m\libc_nano.a(lib_a-strncpy.o)
                0x00005dc0                strncpy
 .text.__malloc_lock
                0x00005de8        0x2 c:/users/dell/.platformio/packages/toolchain-gccarmnoneeabi/bin/../lib/gcc/arm-none-eabi/7.2.1/../../../../arm-none-eabi/lib/thumb/v6-m\libc_nano.a(lib_a-mlock.o)
                0x00005de8                __malloc_lock
 .text.__malloc_unlock
                0x00005dea        0x2 c:/users/dell/.platformio/packages/toolchain-gccarmnoneeabi/bin/../lib/gcc/arm-none-eabi/7.2.1/../../../../arm-none-eabi/lib/thumb/v6-m\libc_nano.a(lib_a-mlock.o)
                0x00005dea                __malloc_unlock
 .text.__ssputs_r
                0x00005dec       0xc4 c:/users/dell/.platformio/packages/toolchain-gccarmnoneeabi/bin/../lib/gcc/arm-none-eabi/7.2.1/../../../../arm-none-eabi/lib/thumb/v6-m\libc_nano.a(lib_a-nano-svfprintf.o)
                0x00005dec                __ssputs_r
 .text._svfprintf_r
                0x00005eb0      0x1fc c:/users/dell/.platformio/packages/toolchain-gccarmnoneeabi/bin/../lib/gcc/arm-none-eabi/7.2.1/../../../../arm-none-eabi/lib/thumb/v6-m\libc_nano.a(lib_a-nano-svfprintf.o)
                0x00005eb0                _svfiprintf_r
                0x00005eb0                _svfprintf_r
 .text._printf_common
                0x000060ac       0xda c:/users/dell/.platformio/packages/toolchain-gccarmnoneeabi/bin/../lib/gcc/arm-none-eabi/7.2.1/../../../../arm-none-eabi/lib/thumb/v6-m\libc_nano.a(lib_a-nano-vfprintf_i.o)
                0x000060ac                _printf_common
 *fill*         0x00006186        0x2 
 .text._printf_i
                0x00006188      0x210 c:/users/dell/.platformio/packages/toolchain-gccarmnoneeabi/bin/../lib/gcc/arm-none-eabi/7.2.1/../../../../arm-none-eabi/lib/thumb/v6-m\libc_nano.a(lib_a-nano-vfprintf_i.o)
                0x00006188                _printf_i
 .text.memchr   0x00006398       0x16 c:/users/dell/.platformio/packages/toolchain-gccarmnoneeabi/bin/../lib/gcc/arm-none-eabi/7.2.1/../../../../arm-none-eabi/lib/thumb/v6-m\libc_nano.a(lib_a-memchr-stub.o)
                0x00006398                memchr
 .text.memmove  0x000063ae       0x26 c:/users/dell/.platformio/packages/toolchain-gccarmnoneeabi/bin/../lib/gcc/arm-none-eabi/7.2.1/../../../../arm-none-eabi/lib/thumb/v6-m\libc_nano.a(lib_a-memmove.o)
                0x000063ae                memmove
 .text._realloc_r
                0x000063d4       0x4c c:/users/dell/.platformio/packages/toolchain-gccarmnoneeabi/bin/../lib/gcc/arm-none-eabi/7.2.1/../../../../arm-none-eabi/lib/thumb/v6-m\libc_nano.a(lib_a-nano-reallocr.o)
                0x000063d4                _realloc_r
 .text._malloc_usable_size_r
                0x00006420       0x10 c:/users/dell/.platformio/packages/toolchain-gccarmnoneeabi/bin/../lib/gcc/arm-none-eabi/7.2.1/../../../../arm-none-eabi/lib/thumb/v6-m\libc_nano.a(lib_a-nano-msizer.o)
                0x00006420                _malloc_usable_size_r
 .text._sbrk    0x00006430       0x1c c:/users/dell/.platformio/packages/toolchain-gccarmnoneeabi/bin/../lib/gcc/arm-none-eabi/7.2.1/../../../../arm-none-eabi/lib/thumb/v6-m\libnosys.a(sbrk.o)
                0x00006430                _sbrk
 *(.glue_7)
 .glue_7        0x0000644c        0x0 linker stubs
 *(.glue_7t)
 .glue_7t       0x0000644c        0x0 linker stubs
 *(.eh_frame)
 *(.init)
 *(.fini)
                0x0000644c                . = ALIGN (0x4)
                0x0000644c                _etext = .

.vfp11_veneer   0x0000644c        0x0
 .vfp11_veneer  0x0000644c        0x0 linker stubs

.v4_bx          0x0000644c        0x0
 .v4_bx         0x0000644c        0x0 linker stubs

.iplt           0x0000644c        0x0
 .iplt          0x0000644c        0x0 build/src/Global_Variable.o

.rodata         0x0000644c      0xa28
                0x0000644c                . = ALIGN (0x4)
 *(.rodata)
 .rodata        0x0000644c       0x80 c:/users/dell/.platformio/packages/toolchain-gccarmnoneeabi/bin/../lib/gcc/arm-none-eabi/7.2.1/thumb/v6-m\libgcc.a(divsf3.o)
 .rodata        0x000064cc       0x40 c:/users/dell/.platformio/packages/toolchain-gccarmnoneeabi/bin/../lib/gcc/arm-none-eabi/7.2.1/thumb/v6-m\libgcc.a(mulsf3.o)
 *(.rodata*)
 .rodata.sVersion
                0x0000650c        0xa build/src/Global_Variable.o
                0x0000650c                sVersion
 *fill*         0x00006516        0x2 
 .rodata.sM1_STATE
                0x00006518       0x10 build/src/M1_StateMachine.o
                0x00006518                sM1_STATE
 .rodata.s_M1_STATE_RUN_TABLE
                0x00006528       0x1c build/src/M1_StateMachine.o
 .rodata.fc_crc32_tab
                0x00006544       0x40 build/src/flash_config.o
 .rodata.register_flash_params.str1.1
                0x00006584       0xde build/src/protocol_params_flash.o
 .rodata.register_motion_params.str1.1
                0x00006662       0x26 build/src/protocol_params_motion.o
 .rodata.register_motion_pos_params.str1.1
                0x00006688       0x16 build/src/protocol_params_motion_pos.o
 .rodata.register_position_params.str1.1
                0x0000669e       0x1d build/src/protocol_params_position.o
                                 0x26 (size before relaxing)
 .rodata.register_standard_params.str1.1
                0x000066bb       0x33 build/src/protocol_params_standard.o
 .rodata.ascii_byte.str1.1
                0x000066ee       0x5d build/third_party/bipropellant-protocol/ascii_protocol.o
 .rodata.ascii_init.str1.1
                0x0000674b       0x45 build/third_party/bipropellant-protocol/ascii_protocol.o
 .rodata.line_help.str1.1
                0x00006790        0x6 build/third_party/bipropellant-protocol/ascii_protocol.o
                                  0x9 (size before relaxing)
 .rodata.line_lock_ascii.str1.1
                0x00006796       0x19 build/third_party/bipropellant-protocol/ascii_protocol.o
 .rodata.line_unlock_ascii.str1.1
                0x000067af       0x67 build/third_party/bipropellant-protocol/ascii_protocol.o
 *fill*         0x00006816        0x2 
 .rodata.initialparams
                0x00006818      0x3d4 build/third_party/bipropellant-protocol/protocol.o
 .rodata.str1.1
                0x00006bec      0x255 build/third_party/bipropellant-protocol/protocol.o
                                0x257 (size before relaxing)
 .rodata._svfprintf_r.str1.1
                0x00006e41       0x11 c:/users/dell/.platformio/packages/toolchain-gccarmnoneeabi/bin/../lib/gcc/arm-none-eabi/7.2.1/../../../../arm-none-eabi/lib/thumb/v6-m\libc_nano.a(lib_a-nano-svfprintf.o)
 .rodata._printf_i.str1.1
                0x00006e52       0x22 c:/users/dell/.platformio/packages/toolchain-gccarmnoneeabi/bin/../lib/gcc/arm-none-eabi/7.2.1/../../../../arm-none-eabi/lib/thumb/v6-m\libc_nano.a(lib_a-nano-vfprintf_i.o)
                0x00006e74                . = ALIGN (0x4)

.rel.dyn        0x00006e74        0x0
 .rel.iplt      0x00006e74        0x0 build/src/Global_Variable.o

.ARM.extab
 *(.ARM.extab* .gnu.linkonce.armextab.*)

.ARM            0x00006e74        0x0
                0x00006e74                __exidx_start = .
 *(.ARM.exidx*)
                0x00006e74                __exidx_end = .

.preinit_array  0x00006e74        0x0
                [!provide]                PROVIDE (__preinit_array_start, .)
 *(.preinit_array*)
                [!provide]                PROVIDE (__preinit_array_end, .)

.init_array     0x00006e74        0x0
                [!provide]                PROVIDE (__init_array_start, .)
 *(SORT_BY_NAME(.init_array.*))
 *(.init_array*)
                [!provide]                PROVIDE (__init_array_end, .)

.fini_array     0x00006e74        0x0
                [!provide]                PROVIDE (__fini_array_start, .)
 *(SORT_BY_NAME(.fini_array.*))
 *(.fini_array*)
                [!provide]                PROVIDE (__fini_array_end, .)
                0x00006e74                _sidata = LOADADDR (.data)

.data           0x20000000       0x98 load address 0x00006e74
                0x20000000                . = ALIGN (0x4)
                0x20000000                _sdata = .
 *(.data)
 *(.data*)
 .data.e1M1_MainState
                0x20000000        0x1 build/src/M1_StateMachine.o
                0x20000000                e1M1_MainState
 .data.UART_Flag
                0x20000001        0x1 build/src/UR_Ctrl.o
                0x20000001                UART_Flag
 *fill*         0x20000002        0x2 
 .data.s_features.6856
                0x20000004        0x4 build/src/protocol_params_flash.o
 .data.__data_canary
                0x20000008       0x10 build/src/startup_canary.o
                0x20000008                __data_canary
 .data.password
                0x20000018        0xc build/third_party/bipropellant-protocol/ascii_protocol.o
 .data.protocol_Delay
                0x20000024        0x4 build/third_party/bipropellant-protocol/protocol.o
                0x20000024                protocol_Delay
 .data.protocol_GetTick
                0x20000028        0x4 build/third_party/bipropellant-protocol/protocol.o
                0x20000028                protocol_GetTick
 .data.protocol_SystemReset
                0x2000002c        0x4 build/third_party/bipropellant-protocol/protocol.o
                0x2000002c                protocol_SystemReset
 .data.version  0x20000030        0x4 build/third_party/bipropellant-protocol/protocol.o
 .data._impure_ptr
                0x20000034        0x4 c:/users/dell/.platformio/packages/toolchain-gccarmnoneeabi/bin/../lib/gcc/arm-none-eabi/7.2.1/../../../../arm-none-eabi/lib/thumb/v6-m\libc_nano.a(lib_a-impure.o)
                0x20000034                _impure_ptr
 .data.impure_data
                0x20000038       0x60 c:/users/dell/.platformio/packages/toolchain-gccarmnoneeabi/bin/../lib/gcc/arm-none-eabi/7.2.1/../../../../arm-none-eabi/lib/thumb/v6-m\libc_nano.a(lib_a-impure.o)
                0x20000098                . = ALIGN (0x4)
                0x20000098                _edata = .

.igot.plt       0x20000098        0x0 load address 0x00006f0c
 .igot.plt      0x20000098        0x0 build/src/Global_Variable.o

.bss            0x20000098     0x2ca4 load address 0x00006f0c
                0x20000098                . = ALIGN (0x4)
                0x20000098                _sbss = .
                0x20000098                __bss_start__ = _sbss
 *(.bss)
 *(.bss*)
 .bss.HALL_LIB  0x20000098        0x1 build/src/Global_Variable.o
                0x20000098                HALL_LIB
 *fill*         0x20000099        0x3 
 .bss.Motor     0x2000009c       0x94 build/src/Global_Variable.o
                0x2000009c                Motor
 .bss.Read_hall_tab
                0x20000130        0x6 build/src/Global_Variable.o
                0x20000130                Read_hall_tab
 *fill*         0x20000136        0x2 
 .bss.User_sys  0x20000138       0x44 build/src/Global_Variable.o
                0x20000138                User_sys
 .bss.e1M1_RunSubState
                0x2000017c        0x1 build/src/M1_StateMachine.o
                0x2000017c                e1M1_RunSubState
 .bss.CWCCW_IOInputCNT1.6822
                0x2000017d        0x1 build/src/MC_Drive.o
 .bss.CWCCW_IOInputCNT2.6823
                0x2000017e        0x1 build/src/MC_Drive.o
 .bss.CWCCW_bIOInput
                0x2000017f        0x1 build/src/MC_Drive.o
                0x2000017f                CWCCW_bIOInput
 .bss.DesirdDuty.6793
                0x20000180        0x4 build/src/MC_Drive.o
 .bss.Err100ms_CNT.6804
                0x20000184        0x1 build/src/MC_Drive.o
 .bss.MotorErrCNT.6807
                0x20000185        0x1 build/src/MC_Drive.o
 .bss.MotorErrStep.6806
                0x20000186        0x1 build/src/MC_Drive.o
 .bss.MotorErrTiems.6805
                0x20000187        0x1 build/src/MC_Drive.o
 .bss.ReturnValue.6798
                0x20000188        0x4 build/src/MC_Drive.o
 .bss.cnt_led.6815
                0x2000018c        0x1 build/src/MC_Drive.o
 *fill*         0x2000018d        0x3 
 .bss.hall_cnt  0x20000190        0x4 build/src/MC_Drive.o
                0x20000190                hall_cnt
 .bss.hall_info
                0x20000194        0x1 build/src/MC_Drive.o
                0x20000194                hall_info
 *fill*         0x20000195        0x3 
 .bss.MOS_Selftest
                0x20000198       0x20 build/src/MosTest.o
                0x20000198                MOS_Selftest
 .bss.PIParmIevg
                0x200001b8       0x24 build/src/PID.o
                0x200001b8                PIParmIevg
 .bss.PIParmS   0x200001dc       0x24 build/src/PID.o
                0x200001dc                PIParmS
 .bss.Dis_OV_ProtectCnt_slow.6823
                0x20000200        0x2 build/src/Protect.o
 .bss.Dis_UV_ProtectCnt.6821
                0x20000202        0x2 build/src/Protect.o
 .bss.LowVolatageCnt_fast.6819
                0x20000204        0x2 build/src/Protect.o
 .bss.LowVolatageCnt_slow.6820
                0x20000206        0x2 build/src/Protect.o
 .bss.Over_MOStemp_Cnt
                0x20000208        0x2 build/src/Protect.o
                0x20000208                Over_MOStemp_Cnt
 .bss.OvrVolatageCnt_fast.6822
                0x2000020a        0x2 build/src/Protect.o
 .bss.RSM_Over_MOStemp_Cnt
                0x2000020c        0x2 build/src/Protect.o
                0x2000020c                RSM_Over_MOStemp_Cnt
 .bss.adjFilter1.6800
                0x2000020e        0x2 build/src/Protect.o
 .bss.over_current_time1
                0x20000210        0x2 build/src/Protect.o
                0x20000210                over_current_time1
 .bss.over_current_time2
                0x20000212        0x2 build/src/Protect.o
                0x20000212                over_current_time2
 .bss.DataReturn.6695
                0x20000214        0x2 build/src/SpeedRamp.o
 *fill*         0x20000216        0x2 
 .bss.RP        0x20000218       0x20 build/src/SpeedRamp.o
                0x20000218                RP
 .bss.RPValue   0x20000238       0x18 build/src/SpeedRamp.o
                0x20000238                RPValue
 .bss.SPEEDValue
                0x20000250       0x18 build/src/SpeedRamp.o
                0x20000250                SPEEDValue
 .bss.SPEED_Cmd
                0x20000268       0x20 build/src/SpeedRamp.o
                0x20000268                SPEED_Cmd
 .bss.rxd_comm0
                0x20000288      0x106 build/src/UR_Ctrl.o
                0x20000288                rxd_comm0
 .bss.g_ctrl_mode
                0x2000038e        0x1 build/src/control_mode.o
                0x2000038e                g_ctrl_mode
 *fill*         0x2000038f        0x1 
 .bss.g_target_pwm_left
                0x20000390        0x4 build/src/control_mode.o
                0x20000390                g_target_pwm_left
 .bss.g_target_speed_mm_s
                0x20000394        0x4 build/src/control_mode.o
                0x20000394                g_target_speed_mm_s
 .bss.g_flash_cfg
                0x20000398       0x60 build/src/flash_config.o
                0x20000398                g_flash_cfg
 .bss.s_dirty   0x200003f8        0x1 build/src/flash_config.o
 *fill*         0x200003f9        0x3 
 .bss.s_last_save_ms
                0x200003fc        0x4 build/src/flash_config.o
 .bss.s_save_failed_count
                0x20000400        0x1 build/src/flash_config.o
 *fill*         0x20000401        0x3 
 .bss.g_hall_ticks_abs
                0x20000404        0x4 build/src/hall_accumulator.o
                0x20000404                g_hall_ticks_abs
 .bss.g_hall_ticks_period_us
                0x20000408        0x4 build/src/hall_accumulator.o
                0x20000408                g_hall_ticks_period_us
 .bss.s_last_edge_ms
                0x2000040c        0x4 build/src/hall_accumulator.o
 .bss.hall_index.6753
                0x20000410        0x1 build/src/interrupt.o
 .bss.i.6751    0x20000411        0x1 build/src/interrupt.o
 .bss.j.6752    0x20000412        0x1 build/src/interrupt.o
 .bss.g_motor_mode
                0x20000413        0x1 build/src/motor_mode.o
                0x20000413                g_motor_mode
 .bss.g_target_ticks
                0x20000414        0x4 build/src/position_control.o
                0x20000414                g_target_ticks
 .bss.s_integral
                0x20000418        0x4 build/src/position_control.o
 .bss.s_last_error
                0x2000041c        0x4 build/src/position_control.o
 .bss.sUART0    0x20000420     0x1254 build/src/protocol_handlers.o
                0x20000420                sUART0
 .bss.pool.6845
                0x20001674      0x1c0 build/src/protocol_params_flash.o
 .bss.pool_used.6846
                0x20001834        0x4 build/src/protocol_params_flash.o
 .bss.ro_features.6857
                0x20001838       0x1c build/src/protocol_params_flash.o
 .bss.ro_save_fail.6854
                0x20001854       0x1c build/src/protocol_params_flash.o
 .bss.s_save_failed_mirror.6853
                0x20001870        0x1 build/src/protocol_params_flash.o
 *fill*         0x20001871        0x3 
 .bss.g_pwm_data
                0x20001874       0x14 build/src/protocol_params_motion.o
 .bss.g_sensor  0x20001888        0xa build/src/protocol_params_motion.o
 *fill*         0x20001892        0x2 
 .bss.g_speed_data
                0x20001894       0x24 build/src/protocol_params_motion.o
 .bss.p.7126    0x200018b8       0x1c build/src/protocol_params_motion.o
 .bss.p.7127    0x200018d4       0x1c build/src/protocol_params_motion.o
 .bss.p.7128    0x200018f0       0x1c build/src/protocol_params_motion.o
 .bss.g_posn_data
                0x2000190c       0x20 build/src/protocol_params_motion_pos.o
 .bss.g_posn_incr
                0x2000192c        0x8 build/src/protocol_params_motion_pos.o
 .bss.p.7109    0x20001934       0x1c build/src/protocol_params_motion_pos.o
 .bss.p.7110    0x20001950       0x1c build/src/protocol_params_motion_pos.o
 .bss.g_hall_data
                0x2000196c       0x24 build/src/protocol_params_position.o
 .bss.g_position
                0x20001990       0x10 build/src/protocol_params_position.o
 .bss.g_position_offset
                0x200019a0        0x4 build/src/protocol_params_position.o
 .bss.g_raw_position
                0x200019a4       0x10 build/src/protocol_params_position.o
 .bss.g_xyt     0x200019b4        0xc build/src/protocol_params_position.o
 .bss.p.7114    0x200019c0       0x1c build/src/protocol_params_position.o
 .bss.p.7115    0x200019dc       0x1c build/src/protocol_params_position.o
 .bss.p.7116    0x200019f8       0x1c build/src/protocol_params_position.o
 .bss.p.7117    0x20001a14       0x1c build/src/protocol_params_position.o
 .bss.g_buzzer  0x20001a30        0x4 build/src/protocol_params_standard.o
 .bss.g_debug_out
                0x20001a34        0x1 build/src/protocol_params_standard.o
 .bss.g_disable_poweroff
                0x20001a35        0x1 build/src/protocol_params_standard.o
 *fill*         0x20001a36        0x2 
 .bss.g_electrical
                0x20001a38       0x78 build/src/protocol_params_standard.o
 .bss.p.7093    0x20001ab0       0x1c build/src/protocol_params_standard.o
 .bss.p.7094    0x20001acc       0x1c build/src/protocol_params_standard.o
 .bss.g_data_copy_ok
                0x20001ae8        0x1 build/src/startup_canary.o
                0x20001ae8                g_data_copy_ok
 *fill*         0x20001ae9        0x3 
 .bss.g_ms_tick
                0x20001aec        0x4 build/src/timebase.o
                0x20001aec                g_ms_tick
 .bss.pwm_div   0x20001af0        0x2 build/src/timebase.o
 *fill*         0x20001af2        0x2 
 .bss.fac_ms    0x20001af4        0x4 build/periph_driver/source/delay.o
 .bss.fac_us    0x20001af8        0x4 build/periph_driver/source/delay.o
 .bss.erase_flag
                0x20001afc        0x4 build/periph_driver/source/snr8503x_Flash.o
                0x20001afc                erase_flag
 .bss.progm_flag
                0x20001b00        0x4 build/periph_driver/source/snr8503x_Flash.o
                0x20001b00                progm_flag
 .bss.Stru_DAC_CHECK
                0x20001b04        0x6 build/periph_driver/source/snr8503x_dac.o
                0x20001b04                Stru_DAC_CHECK
 *fill*         0x20001b0a        0x2 
 .bss.immediate_functions
                0x20001b0c      0x800 build/third_party/bipropellant-protocol/ascii_protocol.o
 .bss.line_functions
                0x2000230c      0x800 build/third_party/bipropellant-protocol/ascii_protocol.o
 .bss.ProtocolcountData
                0x20002b0c       0x24 build/third_party/bipropellant-protocol/protocol.o
                0x20002b0c                ProtocolcountData
 .bss.contentbuf
                0x20002b30       0xfd build/third_party/bipropellant-protocol/protocol.o
                0x20002b30                contentbuf
 .bss.paramstat_descriptions
                0x20002c2d       0xfd build/third_party/bipropellant-protocol/protocol.o
                0x20002c2d                paramstat_descriptions
 *fill*         0x20002d2a        0x2 
 .bss.__malloc_free_list
                0x20002d2c        0x4 c:/users/dell/.platformio/packages/toolchain-gccarmnoneeabi/bin/../lib/gcc/arm-none-eabi/7.2.1/../../../../arm-none-eabi/lib/thumb/v6-m\libc_nano.a(lib_a-nano-mallocr.o)
                0x20002d2c                __malloc_free_list
 .bss.__malloc_sbrk_start
                0x20002d30        0x4 c:/users/dell/.platformio/packages/toolchain-gccarmnoneeabi/bin/../lib/gcc/arm-none-eabi/7.2.1/../../../../arm-none-eabi/lib/thumb/v6-m\libc_nano.a(lib_a-nano-mallocr.o)
                0x20002d30                __malloc_sbrk_start
 .bss.heap_end.4102
                0x20002d34        0x4 c:/users/dell/.platformio/packages/toolchain-gccarmnoneeabi/bin/../lib/gcc/arm-none-eabi/7.2.1/../../../../arm-none-eabi/lib/thumb/v6-m\libnosys.a(sbrk.o)
 *(COMMON)
 COMMON         0x20002d38        0x4 c:/users/dell/.platformio/packages/toolchain-gccarmnoneeabi/bin/../lib/gcc/arm-none-eabi/7.2.1/../../../../arm-none-eabi/lib/thumb/v6-m\libc_nano.a(lib_a-reent.o)
                0x20002d38                errno
                0x20002d3c                . = ALIGN (0x4)
                0x20002d3c                _ebss = .
                0x20002d3c                __bss_end__ = _ebss

._user_heap_stack
                0x20002d3c      0x284 load address 0x00006f0c
                0x20002d40                . = ALIGN (0x8)
 *fill*         0x20002d3c        0x4 
                0x20002d40                PROVIDE (end, .)
                [!provide]                PROVIDE (_end, .)
                0x20002f40                . = (. + _Min_Heap_Size)
 *fill*         0x20002d40      0x200 
                0x20002fc0                . = (. + _Min_Stack_Size)
 *fill*         0x20002f40       0x80 
                0x20002fc0                . = ALIGN (0x8)

/DISCARD/
 libc.a(*)
 libm.a(*)
 libgcc.a(*)

.ARM.attributes
                0x00000000       0x2f
 *(.ARM.attributes)
 .ARM.attributes
                0x00000000       0x31 build/src/Global_Variable.o
 .ARM.attributes
                0x00000031       0x31 build/src/M1_StateMachine.o
 .ARM.attributes
                0x00000062       0x31 build/src/MC_Drive.o
 .ARM.attributes
                0x00000093       0x31 build/src/MosTest.o
 .ARM.attributes
                0x000000c4       0x31 build/src/PID.o
 .ARM.attributes
                0x000000f5       0x31 build/src/Protect.o
 .ARM.attributes
                0x00000126       0x31 build/src/Sensor_Control.o
 .ARM.attributes
                0x00000157       0x31 build/src/SpeedRamp.o
 .ARM.attributes
                0x00000188       0x31 build/src/System_Init.o
 .ARM.attributes
                0x000001b9       0x31 build/src/UR_Ctrl.o
 .ARM.attributes
                0x000001ea       0x31 build/src/control_mode.o
 .ARM.attributes
                0x0000021b       0x31 build/src/flash_config.o
 .ARM.attributes
                0x0000024c       0x31 build/src/hall_accumulator.o
 .ARM.attributes
                0x0000027d       0x31 build/src/hardware_init.o
 .ARM.attributes
                0x000002ae       0x31 build/src/interrupt.o
 .ARM.attributes
                0x000002df       0x31 build/src/main.o
 .ARM.attributes
                0x00000310       0x31 build/src/motor_mode.o
 .ARM.attributes
                0x00000341       0x31 build/src/position_control.o
 .ARM.attributes
                0x00000372       0x31 build/src/protocol_handlers.o
 .ARM.attributes
                0x000003a3       0x31 build/src/protocol_params_flash.o
 .ARM.attributes
                0x000003d4       0x31 build/src/protocol_params_motion.o
 .ARM.attributes
                0x00000405       0x31 build/src/protocol_params_motion_pos.o
 .ARM.attributes
                0x00000436       0x31 build/src/protocol_params_position.o
 .ARM.attributes
                0x00000467       0x31 build/src/protocol_params_snr.o
 .ARM.attributes
                0x00000498       0x31 build/src/protocol_params_standard.o
 .ARM.attributes
                0x000004c9       0x31 build/src/startup_canary.o
 .ARM.attributes
                0x000004fa       0x31 build/src/timebase.o
 .ARM.attributes
                0x0000052b       0x31 build/periph_driver/source/delay.o
 .ARM.attributes
                0x0000055c       0x31 build/periph_driver/source/snr8503x_Flash.o
 .ARM.attributes
                0x0000058d       0x31 build/periph_driver/source/snr8503x_IWDG.o
 .ARM.attributes
                0x000005be       0x31 build/periph_driver/source/snr8503x_MCPWM.o
 .ARM.attributes
                0x000005ef       0x31 build/periph_driver/source/snr8503x_adc.o
 .ARM.attributes
                0x00000620       0x31 build/periph_driver/source/snr8503x_cmp.o
 .ARM.attributes
                0x00000651       0x31 build/periph_driver/source/snr8503x_dac.o
 .ARM.attributes
                0x00000682       0x31 build/periph_driver/source/snr8503x_dsp.o
 .ARM.attributes
                0x000006b3       0x31 build/periph_driver/source/snr8503x_gpio.o
 .ARM.attributes
                0x000006e4       0x31 build/periph_driver/source/snr8503x_hall.o
 .ARM.attributes
                0x00000715       0x31 build/periph_driver/source/snr8503x_sys.o
 .ARM.attributes
                0x00000746       0x31 build/periph_driver/source/snr8503x_timer.o
 .ARM.attributes
                0x00000777       0x31 build/periph_driver/source/snr8503x_uart.o
 .ARM.attributes
                0x000007a8       0x31 build/third_party/bipropellant-protocol/ascii_protocol.o
 .ARM.attributes
                0x000007d9       0x31 build/third_party/bipropellant-protocol/cobsr.o
 .ARM.attributes
                0x0000080a       0x31 build/third_party/bipropellant-protocol/machine_protocol.o
 .ARM.attributes
                0x0000083b       0x31 build/third_party/bipropellant-protocol/protocol.o
 .ARM.attributes
                0x0000086c       0x21 build/startup/startup_snr8503x_gnu.o
 .ARM.attributes
                0x0000088d       0x1e c:/users/dell/.platformio/packages/toolchain-gccarmnoneeabi/bin/../lib/gcc/arm-none-eabi/7.2.1/thumb/v6-m\libgcc.a(_thumb1_case_uqi.o)
 .ARM.attributes
                0x000008ab       0x1e c:/users/dell/.platformio/packages/toolchain-gccarmnoneeabi/bin/../lib/gcc/arm-none-eabi/7.2.1/thumb/v6-m\libgcc.a(_udivsi3.o)
 .ARM.attributes
                0x000008c9       0x1e c:/users/dell/.platformio/packages/toolchain-gccarmnoneeabi/bin/../lib/gcc/arm-none-eabi/7.2.1/thumb/v6-m\libgcc.a(_divsi3.o)
 .ARM.attributes
                0x000008e7       0x1e c:/users/dell/.platformio/packages/toolchain-gccarmnoneeabi/bin/../lib/gcc/arm-none-eabi/7.2.1/thumb/v6-m\libgcc.a(_dvmd_tls.o)
 .ARM.attributes
                0x00000905       0x2c c:/users/dell/.platformio/packages/toolchain-gccarmnoneeabi/bin/../lib/gcc/arm-none-eabi/7.2.1/thumb/v6-m\libgcc.a(_fixunssfsi.o)
 .ARM.attributes
                0x00000931       0x2c c:/users/dell/.platformio/packages/toolchain-gccarmnoneeabi/bin/../lib/gcc/arm-none-eabi/7.2.1/thumb/v6-m\libgcc.a(divsf3.o)
 .ARM.attributes
                0x0000095d       0x2c c:/users/dell/.platformio/packages/toolchain-gccarmnoneeabi/bin/../lib/gcc/arm-none-eabi/7.2.1/thumb/v6-m\libgcc.a(mulsf3.o)
 .ARM.attributes
                0x00000989       0x2c c:/users/dell/.platformio/packages/toolchain-gccarmnoneeabi/bin/../lib/gcc/arm-none-eabi/7.2.1/thumb/v6-m\libgcc.a(subsf3.o)
 .ARM.attributes
                0x000009b5       0x2c c:/users/dell/.platformio/packages/toolchain-gccarmnoneeabi/bin/../lib/gcc/arm-none-eabi/7.2.1/thumb/v6-m\libgcc.a(fixsfsi.o)
 .ARM.attributes
                0x000009e1       0x2c c:/users/dell/.platformio/packages/toolchain-gccarmnoneeabi/bin/../lib/gcc/arm-none-eabi/7.2.1/thumb/v6-m\libgcc.a(floatsisf.o)
 .ARM.attributes
                0x00000a0d       0x2c c:/users/dell/.platformio/packages/toolchain-gccarmnoneeabi/bin/../lib/gcc/arm-none-eabi/7.2.1/thumb/v6-m\libgcc.a(floatunsisf.o)
 .ARM.attributes
                0x00000a39       0x1e c:/users/dell/.platformio/packages/toolchain-gccarmnoneeabi/bin/../lib/gcc/arm-none-eabi/7.2.1/thumb/v6-m\libgcc.a(_arm_cmpsf2.o)
 .ARM.attributes
                0x00000a57       0x1e c:/users/dell/.platformio/packages/toolchain-gccarmnoneeabi/bin/../lib/gcc/arm-none-eabi/7.2.1/thumb/v6-m\libgcc.a(_clzsi2.o)
 .ARM.attributes
                0x00000a75       0x2c c:/users/dell/.platformio/packages/toolchain-gccarmnoneeabi/bin/../lib/gcc/arm-none-eabi/7.2.1/thumb/v6-m\libgcc.a(eqsf2.o)
 .ARM.attributes
                0x00000aa1       0x2c c:/users/dell/.platformio/packages/toolchain-gccarmnoneeabi/bin/../lib/gcc/arm-none-eabi/7.2.1/thumb/v6-m\libgcc.a(gesf2.o)
 .ARM.attributes
                0x00000acd       0x2c c:/users/dell/.platformio/packages/toolchain-gccarmnoneeabi/bin/../lib/gcc/arm-none-eabi/7.2.1/thumb/v6-m\libgcc.a(lesf2.o)
 .ARM.attributes
                0x00000af9       0x2c c:/users/dell/.platformio/packages/toolchain-gccarmnoneeabi/bin/../lib/gcc/arm-none-eabi/7.2.1/../../../../arm-none-eabi/lib/thumb/v6-m\libc_nano.a(lib_a-malloc.o)
 .ARM.attributes
                0x00000b25       0x2c c:/users/dell/.platformio/packages/toolchain-gccarmnoneeabi/bin/../lib/gcc/arm-none-eabi/7.2.1/../../../../arm-none-eabi/lib/thumb/v6-m\libc_nano.a(lib_a-memcpy-stub.o)
 .ARM.attributes
                0x00000b51       0x2c c:/users/dell/.platformio/packages/toolchain-gccarmnoneeabi/bin/../lib/gcc/arm-none-eabi/7.2.1/../../../../arm-none-eabi/lib/thumb/v6-m\libc_nano.a(lib_a-memset.o)
 .ARM.attributes
                0x00000b7d       0x2c c:/users/dell/.platformio/packages/toolchain-gccarmnoneeabi/bin/../lib/gcc/arm-none-eabi/7.2.1/../../../../arm-none-eabi/lib/thumb/v6-m\libc_nano.a(lib_a-nano-freer.o)
 .ARM.attributes
                0x00000ba9       0x2c c:/users/dell/.platformio/packages/toolchain-gccarmnoneeabi/bin/../lib/gcc/arm-none-eabi/7.2.1/../../../../arm-none-eabi/lib/thumb/v6-m\libc_nano.a(lib_a-nano-mallocr.o)
 .ARM.attributes
                0x00000bd5       0x2c c:/users/dell/.platformio/packages/toolchain-gccarmnoneeabi/bin/../lib/gcc/arm-none-eabi/7.2.1/../../../../arm-none-eabi/lib/thumb/v6-m\libc_nano.a(lib_a-sbrkr.o)
 .ARM.attributes
                0x00000c01       0x2c c:/users/dell/.platformio/packages/toolchain-gccarmnoneeabi/bin/../lib/gcc/arm-none-eabi/7.2.1/../../../../arm-none-eabi/lib/thumb/v6-m\libc_nano.a(lib_a-sprintf.o)
 .ARM.attributes
                0x00000c2d       0x2c c:/users/dell/.platformio/packages/toolchain-gccarmnoneeabi/bin/../lib/gcc/arm-none-eabi/7.2.1/../../../../arm-none-eabi/lib/thumb/v6-m\libc_nano.a(lib_a-strcpy.o)
 .ARM.attributes
                0x00000c59       0x1c c:/users/dell/.platformio/packages/toolchain-gccarmnoneeabi/bin/../lib/gcc/arm-none-eabi/7.2.1/../../../../arm-none-eabi/lib/thumb/v6-m\libc_nano.a(lib_a-strlen.o)
 .ARM.attributes
                0x00000c75       0x2c c:/users/dell/.platformio/packages/toolchain-gccarmnoneeabi/bin/../lib/gcc/arm-none-eabi/7.2.1/../../../../arm-none-eabi/lib/thumb/v6-m\libc_nano.a(lib_a-strncpy.o)
 .ARM.attributes
                0x00000ca1       0x2c c:/users/dell/.platformio/packages/toolchain-gccarmnoneeabi/bin/../lib/gcc/arm-none-eabi/7.2.1/../../../../arm-none-eabi/lib/thumb/v6-m\libc_nano.a(lib_a-impure.o)
 .ARM.attributes
                0x00000ccd       0x2c c:/users/dell/.platformio/packages/toolchain-gccarmnoneeabi/bin/../lib/gcc/arm-none-eabi/7.2.1/../../../../arm-none-eabi/lib/thumb/v6-m\libc_nano.a(lib_a-mlock.o)
 .ARM.attributes
                0x00000cf9       0x2c c:/users/dell/.platformio/packages/toolchain-gccarmnoneeabi/bin/../lib/gcc/arm-none-eabi/7.2.1/../../../../arm-none-eabi/lib/thumb/v6-m\libc_nano.a(lib_a-nano-svfprintf.o)
 .ARM.attributes
                0x00000d25       0x2c c:/users/dell/.platformio/packages/toolchain-gccarmnoneeabi/bin/../lib/gcc/arm-none-eabi/7.2.1/../../../../arm-none-eabi/lib/thumb/v6-m\libc_nano.a(lib_a-nano-vfprintf_i.o)
 .ARM.attributes
                0x00000d51       0x2c c:/users/dell/.platformio/packages/toolchain-gccarmnoneeabi/bin/../lib/gcc/arm-none-eabi/7.2.1/../../../../arm-none-eabi/lib/thumb/v6-m\libc_nano.a(lib_a-reent.o)
 .ARM.attributes
                0x00000d7d       0x2c c:/users/dell/.platformio/packages/toolchain-gccarmnoneeabi/bin/../lib/gcc/arm-none-eabi/7.2.1/../../../../arm-none-eabi/lib/thumb/v6-m\libc_nano.a(lib_a-memchr-stub.o)
 .ARM.attributes
                0x00000da9       0x2c c:/users/dell/.platformio/packages/toolchain-gccarmnoneeabi/bin/../lib/gcc/arm-none-eabi/7.2.1/../../../../arm-none-eabi/lib/thumb/v6-m\libc_nano.a(lib_a-memmove.o)
 .ARM.attributes
                0x00000dd5       0x2c c:/users/dell/.platformio/packages/toolchain-gccarmnoneeabi/bin/../lib/gcc/arm-none-eabi/7.2.1/../../../../arm-none-eabi/lib/thumb/v6-m\libc_nano.a(lib_a-nano-reallocr.o)
 .ARM.attributes
                0x00000e01       0x2c c:/users/dell/.platformio/packages/toolchain-gccarmnoneeabi/bin/../lib/gcc/arm-none-eabi/7.2.1/../../../../arm-none-eabi/lib/thumb/v6-m\libc_nano.a(lib_a-nano-msizer.o)
 .ARM.attributes
                0x00000e2d       0x2c c:/users/dell/.platformio/packages/toolchain-gccarmnoneeabi/bin/../lib/gcc/arm-none-eabi/7.2.1/../../../../arm-none-eabi/lib/thumb/v6-m\libnosys.a(sbrk.o)
OUTPUT(build/snr8503m.elf elf32-littlearm)

.comment        0x00000000       0x7e
 .comment       0x00000000       0x7e build/src/Global_Variable.o
                                 0x7f (size before relaxing)
 .comment       0x0000007e       0x7f build/src/M1_StateMachine.o
 .comment       0x0000007e       0x7f build/src/MC_Drive.o
 .comment       0x0000007e       0x7f build/src/MosTest.o
 .comment       0x0000007e       0x7f build/src/PID.o
 .comment       0x0000007e       0x7f build/src/Protect.o
 .comment       0x0000007e       0x7f build/src/Sensor_Control.o
 .comment       0x0000007e       0x7f build/src/SpeedRamp.o
 .comment       0x0000007e       0x7f build/src/System_Init.o
 .comment       0x0000007e       0x7f build/src/UR_Ctrl.o
 .comment       0x0000007e       0x7f build/src/control_mode.o
 .comment       0x0000007e       0x7f build/src/flash_config.o
 .comment       0x0000007e       0x7f build/src/hall_accumulator.o
 .comment       0x0000007e       0x7f build/src/hardware_init.o
 .comment       0x0000007e       0x7f build/src/interrupt.o
 .comment       0x0000007e       0x7f build/src/main.o
 .comment       0x0000007e       0x7f build/src/motor_mode.o
 .comment       0x0000007e       0x7f build/src/position_control.o
 .comment       0x0000007e       0x7f build/src/protocol_handlers.o
 .comment       0x0000007e       0x7f build/src/protocol_params_flash.o
 .comment       0x0000007e       0x7f build/src/protocol_params_motion.o
 .comment       0x0000007e       0x7f build/src/protocol_params_motion_pos.o
 .comment       0x0000007e       0x7f build/src/protocol_params_position.o
 .comment       0x0000007e       0x7f build/src/protocol_params_snr.o
 .comment       0x0000007e       0x7f build/src/protocol_params_standard.o
 .comment       0x0000007e       0x7f build/src/startup_canary.o
 .comment       0x0000007e       0x7f build/src/timebase.o
 .comment       0x0000007e       0x7f build/periph_driver/source/delay.o
 .comment       0x0000007e       0x7f build/periph_driver/source/snr8503x_Flash.o
 .comment       0x0000007e       0x7f build/periph_driver/source/snr8503x_IWDG.o
 .comment       0x0000007e       0x7f build/periph_driver/source/snr8503x_MCPWM.o
 .comment       0x0000007e       0x7f build/periph_driver/source/snr8503x_adc.o
 .comment       0x0000007e       0x7f build/periph_driver/source/snr8503x_cmp.o
 .comment       0x0000007e       0x7f build/periph_driver/source/snr8503x_dac.o
 .comment       0x0000007e       0x7f build/periph_driver/source/snr8503x_dsp.o
 .comment       0x0000007e       0x7f build/periph_driver/source/snr8503x_gpio.o
 .comment       0x0000007e       0x7f build/periph_driver/source/snr8503x_hall.o
 .comment       0x0000007e       0x7f build/periph_driver/source/snr8503x_sys.o
 .comment       0x0000007e       0x7f build/periph_driver/source/snr8503x_timer.o
 .comment       0x0000007e       0x7f build/periph_driver/source/snr8503x_uart.o
 .comment       0x0000007e       0x7f build/third_party/bipropellant-protocol/ascii_protocol.o
 .comment       0x0000007e       0x7f build/third_party/bipropellant-protocol/cobsr.o
 .comment       0x0000007e       0x7f build/third_party/bipropellant-protocol/machine_protocol.o
 .comment       0x0000007e       0x7f build/third_party/bipropellant-protocol/protocol.o

.debug_frame    0x00000000      0x5ac
 .debug_frame   0x00000000       0x20 c:/users/dell/.platformio/packages/toolchain-gccarmnoneeabi/bin/../lib/gcc/arm-none-eabi/7.2.1/thumb/v6-m\libgcc.a(_udivsi3.o)
 .debug_frame   0x00000020       0x20 c:/users/dell/.platformio/packages/toolchain-gccarmnoneeabi/bin/../lib/gcc/arm-none-eabi/7.2.1/thumb/v6-m\libgcc.a(_divsi3.o)
 .debug_frame   0x00000040       0x28 c:/users/dell/.platformio/packages/toolchain-gccarmnoneeabi/bin/../lib/gcc/arm-none-eabi/7.2.1/thumb/v6-m\libgcc.a(_fixunssfsi.o)
 .debug_frame   0x00000068       0x3c c:/users/dell/.platformio/packages/toolchain-gccarmnoneeabi/bin/../lib/gcc/arm-none-eabi/7.2.1/thumb/v6-m\libgcc.a(divsf3.o)
 .debug_frame   0x000000a4       0x3c c:/users/dell/.platformio/packages/toolchain-gccarmnoneeabi/bin/../lib/gcc/arm-none-eabi/7.2.1/thumb/v6-m\libgcc.a(mulsf3.o)
 .debug_frame   0x000000e0       0x38 c:/users/dell/.platformio/packages/toolchain-gccarmnoneeabi/bin/../lib/gcc/arm-none-eabi/7.2.1/thumb/v6-m\libgcc.a(subsf3.o)
 .debug_frame   0x00000118       0x20 c:/users/dell/.platformio/packages/toolchain-gccarmnoneeabi/bin/../lib/gcc/arm-none-eabi/7.2.1/thumb/v6-m\libgcc.a(fixsfsi.o)
 .debug_frame   0x00000138       0x2c c:/users/dell/.platformio/packages/toolchain-gccarmnoneeabi/bin/../lib/gcc/arm-none-eabi/7.2.1/thumb/v6-m\libgcc.a(floatsisf.o)
 .debug_frame   0x00000164       0x2c c:/users/dell/.platformio/packages/toolchain-gccarmnoneeabi/bin/../lib/gcc/arm-none-eabi/7.2.1/thumb/v6-m\libgcc.a(floatunsisf.o)
 .debug_frame   0x00000190       0x2c c:/users/dell/.platformio/packages/toolchain-gccarmnoneeabi/bin/../lib/gcc/arm-none-eabi/7.2.1/thumb/v6-m\libgcc.a(eqsf2.o)
 .debug_frame   0x000001bc       0x2c c:/users/dell/.platformio/packages/toolchain-gccarmnoneeabi/bin/../lib/gcc/arm-none-eabi/7.2.1/thumb/v6-m\libgcc.a(gesf2.o)
 .debug_frame   0x000001e8       0x2c c:/users/dell/.platformio/packages/toolchain-gccarmnoneeabi/bin/../lib/gcc/arm-none-eabi/7.2.1/thumb/v6-m\libgcc.a(lesf2.o)
 .debug_frame   0x00000214       0x40 c:/users/dell/.platformio/packages/toolchain-gccarmnoneeabi/bin/../lib/gcc/arm-none-eabi/7.2.1/../../../../arm-none-eabi/lib/thumb/v6-m\libc_nano.a(lib_a-malloc.o)
 .debug_frame   0x00000254       0x28 c:/users/dell/.platformio/packages/toolchain-gccarmnoneeabi/bin/../lib/gcc/arm-none-eabi/7.2.1/../../../../arm-none-eabi/lib/thumb/v6-m\libc_nano.a(lib_a-memcpy-stub.o)
 .debug_frame   0x0000027c       0x20 c:/users/dell/.platformio/packages/toolchain-gccarmnoneeabi/bin/../lib/gcc/arm-none-eabi/7.2.1/../../../../arm-none-eabi/lib/thumb/v6-m\libc_nano.a(lib_a-memset.o)
 .debug_frame   0x0000029c       0x2c c:/users/dell/.platformio/packages/toolchain-gccarmnoneeabi/bin/../lib/gcc/arm-none-eabi/7.2.1/../../../../arm-none-eabi/lib/thumb/v6-m\libc_nano.a(lib_a-nano-freer.o)
 .debug_frame   0x000002c8       0x2c c:/users/dell/.platformio/packages/toolchain-gccarmnoneeabi/bin/../lib/gcc/arm-none-eabi/7.2.1/../../../../arm-none-eabi/lib/thumb/v6-m\libc_nano.a(lib_a-nano-mallocr.o)
 .debug_frame   0x000002f4       0x2c c:/users/dell/.platformio/packages/toolchain-gccarmnoneeabi/bin/../lib/gcc/arm-none-eabi/7.2.1/../../../../arm-none-eabi/lib/thumb/v6-m\libc_nano.a(lib_a-sbrkr.o)
 .debug_frame   0x00000320       0x48 c:/users/dell/.platformio/packages/toolchain-gccarmnoneeabi/bin/../lib/gcc/arm-none-eabi/7.2.1/../../../../arm-none-eabi/lib/thumb/v6-m\libc_nano.a(lib_a-sprintf.o)
 .debug_frame   0x00000368       0x20 c:/users/dell/.platformio/packages/toolchain-gccarmnoneeabi/bin/../lib/gcc/arm-none-eabi/7.2.1/../../../../arm-none-eabi/lib/thumb/v6-m\libc_nano.a(lib_a-strcpy.o)
 .debug_frame   0x00000388       0x2c c:/users/dell/.platformio/packages/toolchain-gccarmnoneeabi/bin/../lib/gcc/arm-none-eabi/7.2.1/../../../../arm-none-eabi/lib/thumb/v6-m\libc_nano.a(lib_a-strncpy.o)
 .debug_frame   0x000003b4       0x30 c:/users/dell/.platformio/packages/toolchain-gccarmnoneeabi/bin/../lib/gcc/arm-none-eabi/7.2.1/../../../../arm-none-eabi/lib/thumb/v6-m\libc_nano.a(lib_a-mlock.o)
 .debug_frame   0x000003e4       0x74 c:/users/dell/.platformio/packages/toolchain-gccarmnoneeabi/bin/../lib/gcc/arm-none-eabi/7.2.1/../../../../arm-none-eabi/lib/thumb/v6-m\libc_nano.a(lib_a-nano-svfprintf.o)
 .debug_frame   0x00000458       0x54 c:/users/dell/.platformio/packages/toolchain-gccarmnoneeabi/bin/../lib/gcc/arm-none-eabi/7.2.1/../../../../arm-none-eabi/lib/thumb/v6-m\libc_nano.a(lib_a-nano-vfprintf_i.o)
 .debug_frame   0x000004ac       0x48 c:/users/dell/.platformio/packages/toolchain-gccarmnoneeabi/bin/../lib/gcc/arm-none-eabi/7.2.1/../../../../arm-none-eabi/lib/thumb/v6-m\libc_nano.a(lib_a-reent.o)
 .debug_frame   0x000004f4       0x20 c:/users/dell/.platformio/packages/toolchain-gccarmnoneeabi/bin/../lib/gcc/arm-none-eabi/7.2.1/../../../../arm-none-eabi/lib/thumb/v6-m\libc_nano.a(lib_a-memchr-stub.o)
 .debug_frame   0x00000514       0x28 c:/users/dell/.platformio/packages/toolchain-gccarmnoneeabi/bin/../lib/gcc/arm-none-eabi/7.2.1/../../../../arm-none-eabi/lib/thumb/v6-m\libc_nano.a(lib_a-memmove.o)
 .debug_frame   0x0000053c       0x30 c:/users/dell/.platformio/packages/toolchain-gccarmnoneeabi/bin/../lib/gcc/arm-none-eabi/7.2.1/../../../../arm-none-eabi/lib/thumb/v6-m\libc_nano.a(lib_a-nano-reallocr.o)
 .debug_frame   0x0000056c       0x20 c:/users/dell/.platformio/packages/toolchain-gccarmnoneeabi/bin/../lib/gcc/arm-none-eabi/7.2.1/../../../../arm-none-eabi/lib/thumb/v6-m\libc_nano.a(lib_a-nano-msizer.o)
 .debug_frame   0x0000058c       0x20 c:/users/dell/.platformio/packages/toolchain-gccarmnoneeabi/bin/../lib/gcc/arm-none-eabi/7.2.1/../../../../arm-none-eabi/lib/thumb/v6-m\libnosys.a(sbrk.o)
